// Vitest Snapshot v1, https://vitest.dev/guide/snapshot.html

exports[`GifGridItem > should be match with snapshot 1`] = `
<DocumentFragment>
  <div
    class="card"
  >
    <img
      alt="some"
      src="someUrl"
    />
    <p>
      some
    </p>
  </div>
</DocumentFragment>
`;
